  Determining projects to restore...
  All projects are up-to-date for restore.
C:\Program Files\dotnet\sdk\9.0.311\Microsoft.Common.CurrentVersion.targets(5394,5): warning MSB3026: Could not copy "D:\Do An\DoAnWinDow\WebsiteBanHang\WebsiteBanHang\obj\Debug\net8.0\apphost.exe" to "bin\Debug\net8.0\WebsiteBanHang.exe". Beginning retry 1 in 1000ms. The process cannot access the file 'D:\Do An\DoAnWinDow\WebsiteBanHang\WebsiteBanHang\bin\Debug\net8.0\WebsiteBanHang.exe' because it is being used by another process. The file is locked by: "WebsiteBanHang (4688)" [D:\Do An\DoAnWinDow\WebsiteBanHang\WebsiteBanHang\WebsiteBanHang.csproj]
C:\Program Files\dotnet\sdk\9.0.311\Microsoft.Common.CurrentVersion.targets(5394,5): warning MSB3026: Could not copy "D:\Do An\DoAnWinDow\WebsiteBanHang\WebsiteBanHang\obj\Debug\net8.0\apphost.exe" to "bin\Debug\net8.0\WebsiteBanHang.exe". Beginning retry 2 in 1000ms. The process cannot access the file 'D:\Do An\DoAnWinDow\WebsiteBanHang\WebsiteBanHang\bin\Debug\net8.0\WebsiteBanHang.exe' because it is being used by another process. The file is locked by: "WebsiteBanHang (4688)" [D:\Do An\DoAnWinDow\WebsiteBanHang\WebsiteBanHang\WebsiteBanHang.csproj]
C:\Program Files\dotnet\sdk\9.0.311\Microsoft.Common.CurrentVersion.targets(5394,5): warning MSB3026: Could not copy "D:\Do An\DoAnWinDow\WebsiteBanHang\WebsiteBanHang\obj\Debug\net8.0\apphost.exe" to "bin\Debug\net8.0\WebsiteBanHang.exe". Beginning retry 3 in 1000ms. The process cannot access the file 'D:\Do An\DoAnWinDow\WebsiteBanHang\WebsiteBanHang\bin\Debug\net8.0\WebsiteBanHang.exe' because it is being used by another process. The file is locked by: "WebsiteBanHang (4688)" [D:\Do An\DoAnWinDow\WebsiteBanHang\WebsiteBanHang\WebsiteBanHang.csproj]
C:\Program Files\dotnet\sdk\9.0.311\Microsoft.Common.CurrentVersion.targets(5394,5): warning MSB3026: Could not copy "D:\Do An\DoAnWinDow\WebsiteBanHang\WebsiteBanHang\obj\Debug\net8.0\apphost.exe" to "bin\Debug\net8.0\WebsiteBanHang.exe". Beginning retry 4 in 1000ms. The process cannot access the file 'D:\Do An\DoAnWinDow\WebsiteBanHang\WebsiteBanHang\bin\Debug\net8.0\WebsiteBanHang.exe' because it is being used by another process. The file is locked by: "WebsiteBanHang (4688)" [D:\Do An\DoAnWinDow\WebsiteBanHang\WebsiteBanHang\WebsiteBanHang.csproj]
C:\Program Files\dotnet\sdk\9.0.311\Microsoft.Common.CurrentVersion.targets(5394,5): warning MSB3026: Could not copy "D:\Do An\DoAnWinDow\WebsiteBanHang\WebsiteBanHang\obj\Debug\net8.0\apphost.exe" to "bin\Debug\net8.0\WebsiteBanHang.exe". Beginning retry 5 in 1000ms. The process cannot access the file 'D:\Do An\DoAnWinDow\WebsiteBanHang\WebsiteBanHang\bin\Debug\net8.0\WebsiteBanHang.exe' because it is being used by another process. The file is locked by: "WebsiteBanHang (4688)" [D:\Do An\DoAnWinDow\WebsiteBanHang\WebsiteBanHang\WebsiteBanHang.csproj]
C:\Program Files\dotnet\sdk\9.0.311\Microsoft.Common.CurrentVersion.targets(5394,5): warning MSB3026: Could not copy "D:\Do An\DoAnWinDow\WebsiteBanHang\WebsiteBanHang\obj\Debug\net8.0\apphost.exe" to "bin\Debug\net8.0\WebsiteBanHang.exe". Beginning retry 6 in 1000ms. The process cannot access the file 'D:\Do An\DoAnWinDow\WebsiteBanHang\WebsiteBanHang\bin\Debug\net8.0\WebsiteBanHang.exe' because it is being used by another process. The file is locked by: "WebsiteBanHang (4688)" [D:\Do An\DoAnWinDow\WebsiteBanHang\WebsiteBanHang\WebsiteBanHang.csproj]
C:\Program Files\dotnet\sdk\9.0.311\Microsoft.Common.CurrentVersion.targets(5394,5): warning MSB3026: Could not copy "D:\Do An\DoAnWinDow\WebsiteBanHang\WebsiteBanHang\obj\Debug\net8.0\apphost.exe" to "bin\Debug\net8.0\WebsiteBanHang.exe". Beginning retry 7 in 1000ms. The process cannot access the file 'D:\Do An\DoAnWinDow\WebsiteBanHang\WebsiteBanHang\bin\Debug\net8.0\WebsiteBanHang.exe' because it is being used by another process. The file is locked by: "WebsiteBanHang (4688)" [D:\Do An\DoAnWinDow\WebsiteBanHang\WebsiteBanHang\WebsiteBanHang.csproj]
C:\Program Files\dotnet\sdk\9.0.311\Microsoft.Common.CurrentVersion.targets(5394,5): warning MSB3026: Could not copy "D:\Do An\DoAnWinDow\WebsiteBanHang\WebsiteBanHang\obj\Debug\net8.0\apphost.exe" to "bin\Debug\net8.0\WebsiteBanHang.exe". Beginning retry 8 in 1000ms. The process cannot access the file 'D:\Do An\DoAnWinDow\WebsiteBanHang\WebsiteBanHang\bin\Debug\net8.0\WebsiteBanHang.exe' because it is being used by another process. The file is locked by: "WebsiteBanHang (4688)" [D:\Do An\DoAnWinDow\WebsiteBanHang\WebsiteBanHang\WebsiteBanHang.csproj]
C:\Program Files\dotnet\sdk\9.0.311\Microsoft.Common.CurrentVersion.targets(5394,5): warning MSB3026: Could not copy "D:\Do An\DoAnWinDow\WebsiteBanHang\WebsiteBanHang\obj\Debug\net8.0\apphost.exe" to "bin\Debug\net8.0\WebsiteBanHang.exe". Beginning retry 9 in 1000ms. The process cannot access the file 'D:\Do An\DoAnWinDow\WebsiteBanHang\WebsiteBanHang\bin\Debug\net8.0\WebsiteBanHang.exe' because it is being used by another process. The file is locked by: "WebsiteBanHang (4688)" [D:\Do An\DoAnWinDow\WebsiteBanHang\WebsiteBanHang\WebsiteBanHang.csproj]
C:\Program Files\dotnet\sdk\9.0.311\Microsoft.Common.CurrentVersion.targets(5394,5): warning MSB3026: Could not copy "D:\Do An\DoAnWinDow\WebsiteBanHang\WebsiteBanHang\obj\Debug\net8.0\apphost.exe" to "bin\Debug\net8.0\WebsiteBanHang.exe". Beginning retry 10 in 1000ms. The process cannot access the file 'D:\Do An\DoAnWinDow\WebsiteBanHang\WebsiteBanHang\bin\Debug\net8.0\WebsiteBanHang.exe' because it is being used by another process. The file is locked by: "WebsiteBanHang (4688)" [D:\Do An\DoAnWinDow\WebsiteBanHang\WebsiteBanHang\WebsiteBanHang.csproj]
C:\Program Files\dotnet\sdk\9.0.311\Microsoft.Common.CurrentVersion.targets(5394,5): error MSB3027: Could not copy "D:\Do An\DoAnWinDow\WebsiteBanHang\WebsiteBanHang\obj\Debug\net8.0\apphost.exe" to "bin\Debug\net8.0\WebsiteBanHang.exe". Exceeded retry count of 10. Failed. The file is locked by: "WebsiteBanHang (4688)" [D:\Do An\DoAnWinDow\WebsiteBanHang\WebsiteBanHang\WebsiteBanHang.csproj]
C:\Program Files\dotnet\sdk\9.0.311\Microsoft.Common.CurrentVersion.targets(5394,5): error MSB3021: Unable to copy file "D:\Do An\DoAnWinDow\WebsiteBanHang\WebsiteBanHang\obj\Debug\net8.0\apphost.exe" to "bin\Debug\net8.0\WebsiteBanHang.exe". The process cannot access the file 'D:\Do An\DoAnWinDow\WebsiteBanHang\WebsiteBanHang\bin\Debug\net8.0\WebsiteBanHang.exe' because it is being used by another process. [D:\Do An\DoAnWinDow\WebsiteBanHang\WebsiteBanHang\WebsiteBanHang.csproj]

Build FAILED.

C:\Program Files\dotnet\sdk\9.0.311\Microsoft.Common.CurrentVersion.targets(5394,5): warning MSB3026: Could not copy "D:\Do An\DoAnWinDow\WebsiteBanHang\WebsiteBanHang\obj\Debug\net8.0\apphost.exe" to "bin\Debug\net8.0\WebsiteBanHang.exe". Beginning retry 1 in 1000ms. The process cannot access the file 'D:\Do An\DoAnWinDow\WebsiteBanHang\WebsiteBanHang\bin\Debug\net8.0\WebsiteBanHang.exe' because it is being used by another process. The file is locked by: "WebsiteBanHang (4688)" [D:\Do An\DoAnWinDow\WebsiteBanHang\WebsiteBanHang\WebsiteBanHang.csproj]
C:\Program Files\dotnet\sdk\9.0.311\Microsoft.Common.CurrentVersion.targets(5394,5): warning MSB3026: Could not copy "D:\Do An\DoAnWinDow\WebsiteBanHang\WebsiteBanHang\obj\Debug\net8.0\apphost.exe" to "bin\Debug\net8.0\WebsiteBanHang.exe". Beginning retry 2 in 1000ms. The process cannot access the file 'D:\Do An\DoAnWinDow\WebsiteBanHang\WebsiteBanHang\bin\Debug\net8.0\WebsiteBanHang.exe' because it is being used by another process. The file is locked by: "WebsiteBanHang (4688)" [D:\Do An\DoAnWinDow\WebsiteBanHang\WebsiteBanHang\WebsiteBanHang.csproj]
C:\Program Files\dotnet\sdk\9.0.311\Microsoft.Common.CurrentVersion.targets(5394,5): warning MSB3026: Could not copy "D:\Do An\DoAnWinDow\WebsiteBanHang\WebsiteBanHang\obj\Debug\net8.0\apphost.exe" to "bin\Debug\net8.0\WebsiteBanHang.exe". Beginning retry 3 in 1000ms. The process cannot access the file 'D:\Do An\DoAnWinDow\WebsiteBanHang\WebsiteBanHang\bin\Debug\net8.0\WebsiteBanHang.exe' because it is being used by another process. The file is locked by: "WebsiteBanHang (4688)" [D:\Do An\DoAnWinDow\WebsiteBanHang\WebsiteBanHang\WebsiteBanHang.csproj]
C:\Program Files\dotnet\sdk\9.0.311\Microsoft.Common.CurrentVersion.targets(5394,5): warning MSB3026: Could not copy "D:\Do An\DoAnWinDow\WebsiteBanHang\WebsiteBanHang\obj\Debug\net8.0\apphost.exe" to "bin\Debug\net8.0\WebsiteBanHang.exe". Beginning retry 4 in 1000ms. The process cannot access the file 'D:\Do An\DoAnWinDow\WebsiteBanHang\WebsiteBanHang\bin\Debug\net8.0\WebsiteBanHang.exe' because it is being used by another process. The file is locked by: "WebsiteBanHang (4688)" [D:\Do An\DoAnWinDow\WebsiteBanHang\WebsiteBanHang\WebsiteBanHang.csproj]
C:\Program Files\dotnet\sdk\9.0.311\Microsoft.Common.CurrentVersion.targets(5394,5): warning MSB3026: Could not copy "D:\Do An\DoAnWinDow\WebsiteBanHang\WebsiteBanHang\obj\Debug\net8.0\apphost.exe" to "bin\Debug\net8.0\WebsiteBanHang.exe". Beginning retry 5 in 1000ms. The process cannot access the file 'D:\Do An\DoAnWinDow\WebsiteBanHang\WebsiteBanHang\bin\Debug\net8.0\WebsiteBanHang.exe' because it is being used by another process. The file is locked by: "WebsiteBanHang (4688)" [D:\Do An\DoAnWinDow\WebsiteBanHang\WebsiteBanHang\WebsiteBanHang.csproj]
C:\Program Files\dotnet\sdk\9.0.311\Microsoft.Common.CurrentVersion.targets(5394,5): warning MSB3026: Could not copy "D:\Do An\DoAnWinDow\WebsiteBanHang\WebsiteBanHang\obj\Debug\net8.0\apphost.exe" to "bin\Debug\net8.0\WebsiteBanHang.exe". Beginning retry 6 in 1000ms. The process cannot access the file 'D:\Do An\DoAnWinDow\WebsiteBanHang\WebsiteBanHang\bin\Debug\net8.0\WebsiteBanHang.exe' because it is being used by another process. The file is locked by: "WebsiteBanHang (4688)" [D:\Do An\DoAnWinDow\WebsiteBanHang\WebsiteBanHang\WebsiteBanHang.csproj]
C:\Program Files\dotnet\sdk\9.0.311\Microsoft.Common.CurrentVersion.targets(5394,5): warning MSB3026: Could not copy "D:\Do An\DoAnWinDow\WebsiteBanHang\WebsiteBanHang\obj\Debug\net8.0\apphost.exe" to "bin\Debug\net8.0\WebsiteBanHang.exe". Beginning retry 7 in 1000ms. The process cannot access the file 'D:\Do An\DoAnWinDow\WebsiteBanHang\WebsiteBanHang\bin\Debug\net8.0\WebsiteBanHang.exe' because it is being used by another process. The file is locked by: "WebsiteBanHang (4688)" [D:\Do An\DoAnWinDow\WebsiteBanHang\WebsiteBanHang\WebsiteBanHang.csproj]
C:\Program Files\dotnet\sdk\9.0.311\Microsoft.Common.CurrentVersion.targets(5394,5): warning MSB3026: Could not copy "D:\Do An\DoAnWinDow\WebsiteBanHang\WebsiteBanHang\obj\Debug\net8.0\apphost.exe" to "bin\Debug\net8.0\WebsiteBanHang.exe". Beginning retry 8 in 1000ms. The process cannot access the file 'D:\Do An\DoAnWinDow\WebsiteBanHang\WebsiteBanHang\bin\Debug\net8.0\WebsiteBanHang.exe' because it is being used by another process. The file is locked by: "WebsiteBanHang (4688)" [D:\Do An\DoAnWinDow\WebsiteBanHang\WebsiteBanHang\WebsiteBanHang.csproj]
C:\Program Files\dotnet\sdk\9.0.311\Microsoft.Common.CurrentVersion.targets(5394,5): warning MSB3026: Could not copy "D:\Do An\DoAnWinDow\WebsiteBanHang\WebsiteBanHang\obj\Debug\net8.0\apphost.exe" to "bin\Debug\net8.0\WebsiteBanHang.exe". Beginning retry 9 in 1000ms. The process cannot access the file 'D:\Do An\DoAnWinDow\WebsiteBanHang\WebsiteBanHang\bin\Debug\net8.0\WebsiteBanHang.exe' because it is being used by another process. The file is locked by: "WebsiteBanHang (4688)" [D:\Do An\DoAnWinDow\WebsiteBanHang\WebsiteBanHang\WebsiteBanHang.csproj]
C:\Program Files\dotnet\sdk\9.0.311\Microsoft.Common.CurrentVersion.targets(5394,5): warning MSB3026: Could not copy "D:\Do An\DoAnWinDow\WebsiteBanHang\WebsiteBanHang\obj\Debug\net8.0\apphost.exe" to "bin\Debug\net8.0\WebsiteBanHang.exe". Beginning retry 10 in 1000ms. The process cannot access the file 'D:\Do An\DoAnWinDow\WebsiteBanHang\WebsiteBanHang\bin\Debug\net8.0\WebsiteBanHang.exe' because it is being used by another process. The file is locked by: "WebsiteBanHang (4688)" [D:\Do An\DoAnWinDow\WebsiteBanHang\WebsiteBanHang\WebsiteBanHang.csproj]
C:\Program Files\dotnet\sdk\9.0.311\Microsoft.Common.CurrentVersion.targets(5394,5): error MSB3027: Could not copy "D:\Do An\DoAnWinDow\WebsiteBanHang\WebsiteBanHang\obj\Debug\net8.0\apphost.exe" to "bin\Debug\net8.0\WebsiteBanHang.exe". Exceeded retry count of 10. Failed. The file is locked by: "WebsiteBanHang (4688)" [D:\Do An\DoAnWinDow\WebsiteBanHang\WebsiteBanHang\WebsiteBanHang.csproj]
C:\Program Files\dotnet\sdk\9.0.311\Microsoft.Common.CurrentVersion.targets(5394,5): error MSB3021: Unable to copy file "D:\Do An\DoAnWinDow\WebsiteBanHang\WebsiteBanHang\obj\Debug\net8.0\apphost.exe" to "bin\Debug\net8.0\WebsiteBanHang.exe". The process cannot access the file 'D:\Do An\DoAnWinDow\WebsiteBanHang\WebsiteBanHang\bin\Debug\net8.0\WebsiteBanHang.exe' because it is being used by another process. [D:\Do An\DoAnWinDow\WebsiteBanHang\WebsiteBanHang\WebsiteBanHang.csproj]
    10 Warning(s)
    2 Error(s)

Time Elapsed 00:00:14.41
